lora.c:11:21:RFM95_Init	16	static
lora.c:77:6:RFM95_reset	16	static
lora.c:90:21:RFM95_enableReceive	16	static
lora.c:94:6:RFM95_mappingDIO0	16	static
lora.c:98:21:RFM95_setMode	24	static
lora.c:123:21:RFM95_setExplicitHeaderMode	24	static
lora.c:148:21:RFM95_setFrequency	24	static
lora.c:171:21:RFM95_resetBaseAddr	16	static
lora.c:194:21:RFM95_setLNA	24	static
lora.c:209:21:RFM95_setPower	24	static
lora.c:262:21:RFM95_setBandWidth	24	static
lora.c:288:21:RFM95_setSpredingFactor	24	static
lora.c:388:21:RFM95_setCodingRate	24	static
lora.c:413:21:RFM95_setPreamble	24	static
lora.c:430:21:RFM95_setImplicitHeaderMode	24	static
lora.c:454:21:RFM95_Transmit	32	static
lora.c:548:21:RFM95_Receive	32	static
lora.c:611:21:RFM95_enableCRC	24	static
lora.c:637:21:RFM95_disableCRC	24	static
lora.c:663:21:RFM95_accessLoraRegister	24	static
lora.c:686:21:RFM95_setTimeout	24	static
lora.c:727:9:RFM95_getRSSI	32	static
lora.c:744:6:RFM95_setNSS	16	static
lora.c:750:21:RFM95_readByteRes	32	static
lora.c:771:21:RFM95_readBurstRes	40	static
lora.c:800:21:RFM95_writeBurstRes	40	static
lora.c:833:21:RFM95_writeByteRes	32	static
lora.c:855:21:RFM95_receiveFromEXTI	32	static
lora.c:897:21:RFM95_enableAGC	24	static
lora.c:914:21:RFM95_disableAGC	24	static
lora.c:931:21:RFM95_checkLDRO	32	static
lora.c:986:21:RFM95_enableCAD	16	static
lora.c:993:21:RFM95_statusCAD	24	static
