node_layer.c:17:6:initLoRa	8	static
node_layer.c:35:6:initAddrIntoFlash	8	static
node_layer.c:46:6:makePacket	56	static
node_layer.c:53:6:separatePacket	32	static
node_layer.c:68:6:alreadyPacket	24	static
node_layer.c:81:6:addTableID	16	static
node_layer.c:100:6:nodeStart	288	static
node_layer.c:107:6:checkIDNextwork	16	static
node_layer.c:115:10:getNodeID	8	static
node_layer.c:118:6:saveNodeID	8	static
node_layer.c:121:10:getbroadcastID	8	static
node_layer.c:124:6:savebroadcastID	8	static
node_layer.c:127:10:getPermitID	8	static
node_layer.c:130:6:savePermitID	8	static
node_layer.c:133:10:getStartID	8	static
node_layer.c:136:6:saveStartID	8	static
node_layer.c:139:10:getDataID	8	static
node_layer.c:142:6:saveDataID	8	static
node_layer.c:145:10:getGWayID	8	static
node_layer.c:148:6:saveGWayID	16	static
node_layer.c:151:6:getFlagStart	8	static
node_layer.c:158:6:setFlagStart	8	static
node_layer.c:162:6:process	544	static
